
> eusrealty@0.1.0 build
> next build

Γû▓ Next.js 16.2.9 (Turbopack)
- Environments: .env.local

  Creating an optimized production build ...
Γ£ô Compiled successfully in 15.8s
  Running TypeScript ...
  Finished TypeScript in 297ms ...
  Collecting page data using 11 workers ...
  Generating static pages using 11 workers (0/146) ...
  Generating static pages using 11 workers (36/146) 
  Generating static pages using 11 workers (72/146) 
  Generating static pages using 11 workers (109/146) 
Γ£ô Generating static pages using 11 workers (146/146) in 6.5s
  Finalizing page optimization ...

Route (app)                                                                      Revalidate  Expire
Γöî Γùï /                                                                                    1h      1y
Γö£ Γùï /_not-found
Γö£ Γùï /about
Γö£ Γùï /admin/dashboard
Γö£ Γùï /admin/dashboard/chat-leads
Γö£ Γùï /admin/dashboard/employees
Γö£ Γùï /admin/dashboard/job-applications
Γö£ Γùï /admin/dashboard/loan-applications
Γö£ Γùï /admin/dashboard/manage-blogs
Γö£ Γùï /admin/dashboard/manage-job-posts
Γö£ Γùï /admin/dashboard/properties
Γö£ Γùï /admin/dashboard/settings
Γö£ Γùï /admin/dashboard/subscribers
Γö£ Γùï /admin/login
Γö£ ╞Æ /api/admin/audit-logs
Γö£ ╞Æ /api/admin/change-password
Γö£ ╞Æ /api/admin/profile
Γö£ ╞Æ /api/ai-search
Γö£ ╞Æ /api/auth/[...nextauth]
Γö£ ╞Æ /api/auth/login-otp
Γö£ ╞Æ /api/blogs
Γö£ ╞Æ /api/blogs/[id]
Γö£ ╞Æ /api/chat
Γö£ ╞Æ /api/chat/sessions
Γö£ ╞Æ /api/chat/sessions/[id]
Γö£ ╞Æ /api/contact
Γö£ ╞Æ /api/dashboard-stats
Γö£ ╞Æ /api/employees
Γö£ ╞Æ /api/employees/[id]
Γö£ ╞Æ /api/job-applications
Γö£ ╞Æ /api/job-posts
Γö£ ╞Æ /api/job-posts/[id]
Γö£ ╞Æ /api/leads
Γö£ ╞Æ /api/leads/[id]
Γö£ ╞Æ /api/loan-applications
Γö£ ╞Æ /api/loan-applications/[id]
Γö£ ╞Æ /api/notifications
Γö£ ╞Æ /api/properties
Γö£ ╞Æ /api/properties/[id]
Γö£ ╞Æ /api/subscribe
Γö£ ╞Æ /api/upload
Γö£ Γùï /blog                                                                                1h      1y
Γö£ ΓùÅ /blog/[slug]                                                                         1h      1y
Γöé Γö£ /blog/best-areas-to-buy-property-in-pune-2026-top-locations-for-home-buyers          1h      1y
Γöé Γö£ /blog/tathawade-vs-wakad                                                             1h      1y
Γöé Γöö /blog/first-time-home-buyer-guide                                                    1h      1y
Γö£ ΓùÅ /builders/[slug]                                                                     1d      1y
Γöé Γö£ /builders/godrej-properties-pune                                                     1d      1y
Γöé Γö£ /builders/kolte-patil-pune                                                           1d      1y
Γöé Γöö /builders/vtp-realty-pune                                                            1d      1y
Γö£ Γùï /calculator
Γö£ ΓùÅ /calculator/[slug]
Γöé Γö£ /calculator/square-meter-to-square-feet
Γöé Γö£ /calculator/hectare-to-acre
Γöé Γö£ /calculator/square-feet-to-square-meter
Γöé Γöö [+31 more paths]
Γö£ Γùï /calculator/affordability
Γö£ Γùï /calculator/eligibility
Γö£ Γùï /calculator/emi
Γö£ Γùï /calculator/rent-value
Γö£ Γùï /calculator/valuation
Γö£ Γùï /careers                                                                             1h      1y
Γö£ ΓùÅ /careers/[id]
Γöé Γö£ /careers/6a23e1cabd79f3d2939d317d
Γöé Γö£ /careers/6a23e1cabd79f3d2939d317c
Γöé Γö£ /careers/6a23e1cabd79f3d2939d317b
Γöé Γöö [+2 more paths]
Γö£ Γùï /careers/customer-success-associate
Γö£ Γùï /careers/digital-marketing-executive
Γö£ Γùï /careers/relationship-manager
Γö£ Γùï /careers/sourcing-manager
Γö£ ΓùÅ /compare/[slug]                                                                      1d      1y
Γöé Γö£ /compare/baner-vs-wakad-property-investment                                          1d      1y
Γöé Γö£ /compare/tathawade-vs-hinjawadi                                                      1d      1y
Γöé Γö£ /compare/2-bhk-vs-3-bhk-in-pune                                                      1d      1y
Γöé Γöö /compare/under-construction-vs-ready-to-move-pune                                    1d      1y
Γö£ Γùï /contact
Γö£ Γùï /home-loans
Γö£ Γùï /icon.png
Γö£ ΓùÅ /localities/[slug]                                                                   1d      1y
Γöé Γö£ /localities/baner                                                                    1d      1y
Γöé Γö£ /localities/wakad                                                                    1d      1y
Γöé Γö£ /localities/hinjawadi                                                                1d      1y
Γöé Γöö [+5 more paths]
Γö£ Γùï /properties                                                                          1h      1y
Γö£ ΓùÅ /properties/[slug]                                                                   1h      1y
Γöé Γö£ /properties/2-bhk-flats-in-baner-pune                                                1h      1y
Γöé Γö£ /properties/3-bhk-flats-in-wakad-pune                                                1h      1y
Γöé Γö£ /properties/flats-under-1-cr-in-hinjawadi                                            1h      1y
Γöé Γöö [+25 more paths]
Γö£ ΓùÅ /properties/location/[slug]                                                          1d      1y
Γöé Γö£ /properties/location/baner                                                           1d      1y
Γöé Γö£ /properties/location/wakad                                                           1d      1y
Γöé Γö£ /properties/location/hinjawadi                                                       1d      1y
Γöé Γöö [+5 more paths]
Γö£ Γùï /pune-real-estate                                                                    1h      1y
Γö£ Γùï /robots.txt
Γöö Γùï /sitemap.xml


╞Æ Proxy (Middleware)

Γùï  (Static)   prerendered as static content
ΓùÅ  (SSG)      prerendered as static HTML (uses generateStaticParams)
╞Æ  (Dynamic)  server-rendered on demand

